// Jest Snapshot v1, https://goo.gl/fbAQLP

exports[`deltaToMarkdown() 1`] = `
"

-   depend upon added 1.2.3

-   no longer depend upon dropped

-   rollback rolledback to 1.2.3 (from 2.3.4)

-   update [updated](https://www.npmjs.com/package/updated) to 2.3.4 (from [1.2.3](https://github.com/ahmadnassri/node-updated/releases/tag/v1.2.3))

-   update [execa](https://www.npmjs.com/package/execa) to 2.3.4 (from 1.2.3)

-   update [package-diff-summary](https://www.npmjs.com/package/package-diff-summary) to [1.2.0](https://github.com/jokeyrhyme/package-diff-summary.js/releases/tag/1.2.0) (from [1.1.0](https://github.com/jokeyrhyme/package-diff-summary.js/releases/tag/1.1.0))
"
`;

exports[`diffPackages() 1`] = `
Object {
  "dependencies": Array [
    Object {
      "cmd": "npm uninstall dropped",
      "name": "dropped",
      "operation": "delete",
      "version": "1.2.3",
    },
    Object {
      "cmd": "npm install \\"rolledback@~1.2.3\\" --spin=false --color=true --production --loglevel=http",
      "name": "rolledback",
      "operation": "edit",
      "version": "~1.2.3",
    },
    Object {
      "cmd": "npm install \\"updated@^2.3.4\\" --spin=false --color=true --production --loglevel=http",
      "name": "updated",
      "operation": "edit",
      "version": "^2.3.4",
    },
    Object {
      "cmd": "npm install \\"added@1.2.3\\" --spin=false --color=true --production --loglevel=http",
      "name": "added",
      "operation": "new",
      "version": "1.2.3",
    },
  ],
  "devDependencies": Array [],
  "optionalDependencies": Array [],
}
`;

exports[`versionToMarkdown("1.0.0-x.7.z.92", "CHANGELOG.md") 1`] = `"[1.0.0-x.7.z.92](CHANGELOG.md)"`;

exports[`versionToMarkdown("1.2.3", "CHANGELOG.md") 1`] = `"[1.2.3](CHANGELOG.md)"`;

exports[`versionToMarkdown("1.2.3-alpha.1", "CHANGELOG.md") 1`] = `"[1.2.3-alpha.1](CHANGELOG.md)"`;
